// Jest Snapshot v1, https://goo.gl/fbAQLP

exports[`renders correctly 1`] = `
<QuizCard
  classes={
    Object {
      "answers": "QuizCard-answers-8",
      "buttons": "QuizCard-buttons-7",
      "header": "QuizCard-header-3",
      "questionNumber": "QuizCard-questionNumber-6",
      "radio": "QuizCard-radio-5",
      "radioContainer": "QuizCard-radioContainer-4",
      "root": "QuizCard-root-1",
      "title": "QuizCard-title-2",
    }
  }
/>
`;

exports[`renders correctly again 1`] = `
<QuizCard
  classes={
    Object {
      "answers": "QuizCard-answers-8",
      "buttons": "QuizCard-buttons-7",
      "header": "QuizCard-header-3",
      "questionNumber": "QuizCard-questionNumber-6",
      "radio": "QuizCard-radio-5",
      "radioContainer": "QuizCard-radioContainer-4",
      "root": "QuizCard-root-1",
      "title": "QuizCard-title-2",
    }
  }
/>
`;
